// Jest Snapshot v1, https://goo.gl/fbAQLP

exports[`Expanding style objects should expand properties in nested objects 1`] = `
Object {
  ":hover": Object {
    "borderBottomWidth": "3px",
    "borderLeftWidth": "4px",
    "borderRightWidth": "2px",
    "borderTopWidth": "5px",
    "height": 100,
    "marginBottom": "5px",
    "marginLeft": "5px",
    "marginRight": "5px",
    "marginTop": "5px",
  },
  "borderBottomColor": "grey",
  "borderBottomStyle": "solid",
  "borderBottomWidth": "1px",
  "borderLeftColor": "grey",
  "borderLeftStyle": "solid",
  "borderLeftWidth": "1px",
  "borderRightColor": "grey",
  "borderRightStyle": "solid",
  "borderRightWidth": "1px",
  "borderTopColor": "grey",
  "borderTopStyle": "solid",
  "borderTopWidth": "1px",
  "paddingBottom": "20px",
  "paddingLeft": "10px",
  "paddingRight": "10px",
  "paddingTop": "20px",
  "width": 200,
}
`;

exports[`Expanding style objects should expand values in arrays 1`] = `
Object {
  "extend": Array [
    Object {
      "paddingBottom": "10px",
      "paddingLeft": "10px",
      "paddingRight": "10px",
      "paddingTop": "10px",
    },
    Object {
      "marginBottom": "0",
      "marginLeft": "0",
      "marginRight": "0",
      "marginTop": "0",
    },
    Object {
      "outlineColor": Array [
        "red",
      ],
      "outlineStyle": Array [
        "solid",
      ],
      "outlineWidth": Array [
        "0",
        "10px",
      ],
    },
  ],
  "numeralArray": Array [
    1,
    2,
  ],
  "paddingBottom": Array [
    "1",
    "20px",
  ],
  "paddingLeft": Array [
    "1",
    "20px",
  ],
  "paddingRight": Array [
    "1",
    "20px",
  ],
  "paddingTop": Array [
    "1",
    "20px",
  ],
}
`;

exports[`Expanding style objects should not throw on undefined values 1`] = `
Object {
  "border": undefined,
  "padding": null,
}
`;
